Archive member included because of file (symbol)

/opt/arm/bin/../lib/gcc/arm-none-eabi/4.6.3/../../../../arm-none-eabi/lib/thumb2/libc.a(lib_a-strcasecmp.o)
                              build/obj/shell.o (strcasecmp)
/opt/arm/bin/../lib/gcc/arm-none-eabi/4.6.3/../../../../arm-none-eabi/lib/thumb2/libc.a(lib_a-strchr.o)
                              build/obj/shell.o (strchr)
/opt/arm/bin/../lib/gcc/arm-none-eabi/4.6.3/../../../../arm-none-eabi/lib/thumb2/libc.a(lib_a-strspn.o)
                              build/obj/shell.o (strspn)
/opt/arm/bin/../lib/gcc/arm-none-eabi/4.6.3/../../../../arm-none-eabi/lib/thumb2/libc.a(lib_a-ctype_.o)
                              /opt/arm/bin/../lib/gcc/arm-none-eabi/4.6.3/../../../../arm-none-eabi/lib/thumb2/libc.a(lib_a-strcasecmp.o) (__ctype_ptr__)

Discarded input sections

 .text          0x00000000        0x0 build/obj/crt0.o
 .data          0x00000000        0x0 build/obj/crt0.o
 .bss           0x00000000        0x0 build/obj/crt0.o
 .text.__early_init
                0x00000000       0x10 build/obj/crt0.o
 .text          0x00000000        0x0 build/obj/vectors.o
 .data          0x00000000        0x0 build/obj/vectors.o
 .bss           0x00000000        0x0 build/obj/vectors.o
 .text          0x00000000        0x0 build/obj/chcore.o
 .data          0x00000000        0x0 build/obj/chcore.o
 .bss           0x00000000        0x0 build/obj/chcore.o
 .text.port_halt
                0x00000000       0x10 build/obj/chcore.o
 .debug_info    0x00000000       0x87 build/obj/chcore.o
 .debug_abbrev  0x00000000       0x3f build/obj/chcore.o
 .debug_aranges
                0x00000000       0x20 build/obj/chcore.o
 .debug_ranges  0x00000000       0x10 build/obj/chcore.o
 .debug_line    0x00000000       0x68 build/obj/chcore.o
 .debug_str     0x00000000       0xd7 build/obj/chcore.o
 .comment       0x00000000       0x31 build/obj/chcore.o
 .ARM.attributes
                0x00000000       0x3b build/obj/chcore.o
 .debug_frame   0x00000000       0x20 build/obj/chcore.o
 .text          0x00000000        0x0 build/obj/chcore_v7m.o
 .data          0x00000000        0x0 build/obj/chcore_v7m.o
 .bss           0x00000000        0x0 build/obj/chcore_v7m.o
 .text          0x00000000        0x0 build/obj/nvic.o
 .data          0x00000000        0x0 build/obj/nvic.o
 .bss           0x00000000        0x0 build/obj/nvic.o
 .text.nvicDisableVector
                0x00000000       0x40 build/obj/nvic.o
 .text          0x00000000        0x0 build/obj/chsys.o
 .data          0x00000000        0x0 build/obj/chsys.o
 .bss           0x00000000        0x0 build/obj/chsys.o
 .text          0x00000000        0x0 build/obj/chdebug.o
 .data          0x00000000        0x0 build/obj/chdebug.o
 .bss           0x00000000        0x0 build/obj/chdebug.o
 .debug_info    0x00000000       0x6f build/obj/chdebug.o
 .debug_abbrev  0x00000000       0x28 build/obj/chdebug.o
 .debug_line    0x00000000       0x1d build/obj/chdebug.o
 .debug_str     0x00000000       0xc8 build/obj/chdebug.o
 .comment       0x00000000       0x31 build/obj/chdebug.o
 .ARM.attributes
                0x00000000       0x3b build/obj/chdebug.o
 .text          0x00000000        0x0 build/obj/chlists.o
 .data          0x00000000        0x0 build/obj/chlists.o
 .bss           0x00000000        0x0 build/obj/chlists.o
 .debug_info    0x00000000       0x6f build/obj/chlists.o
 .debug_abbrev  0x00000000       0x28 build/obj/chlists.o
 .debug_line    0x00000000       0x1d build/obj/chlists.o
 .debug_str     0x00000000       0xc8 build/obj/chlists.o
 .comment       0x00000000       0x31 build/obj/chlists.o
 .ARM.attributes
                0x00000000       0x3b build/obj/chlists.o
 .text          0x00000000        0x0 build/obj/chvt.o
 .data          0x00000000        0x0 build/obj/chvt.o
 .bss           0x00000000        0x0 build/obj/chvt.o
 .text.chTimeIsWithin
                0x00000000       0x40 build/obj/chvt.o
 .text          0x00000000        0x0 build/obj/chschd.o
 .data          0x00000000        0x0 build/obj/chschd.o
 .bss           0x00000000        0x0 build/obj/chschd.o
 .text.chSchRescheduleS
                0x00000000       0x20 build/obj/chschd.o
 .text          0x00000000        0x0 build/obj/chthreads.o
 .data          0x00000000        0x0 build/obj/chthreads.o
 .bss           0x00000000        0x0 build/obj/chthreads.o
 .text.chThdSetPriority
                0x00000000       0x30 build/obj/chthreads.o
 .text.chThdResume
                0x00000000       0x20 build/obj/chthreads.o
 .text.chThdTerminate
                0x00000000       0x20 build/obj/chthreads.o
 .text.chThdSleepUntil
                0x00000000       0x30 build/obj/chthreads.o
 .text.chThdYield
                0x00000000       0x30 build/obj/chthreads.o
 .text.chThdWait
                0x00000000       0x40 build/obj/chthreads.o
 .text          0x00000000        0x0 build/obj/chdynamic.o
 .data          0x00000000        0x0 build/obj/chdynamic.o
[...]
Memory Configuration

Name             Origin             Length             Attributes
flash            0x08000000         0x00100000
ram              0x20000000         0x0001c000
ethram           0x2001c000         0x00004000
ccmram           0x10000000         0x00010000
*default*        0x00000000         0xffffffff

Linker script and memory map

LOAD build/obj/crt0.o
LOAD build/obj/vectors.o
LOAD build/obj/chcore.o
LOAD build/obj/chcore_v7m.o
LOAD build/obj/nvic.o
LOAD build/obj/chsys.o
LOAD build/obj/chdebug.o
LOAD build/obj/chlists.o
LOAD build/obj/chvt.o
LOAD build/obj/chschd.o
LOAD build/obj/chthreads.o
LOAD build/obj/chdynamic.o
LOAD build/obj/chregistry.o
LOAD build/obj/chsem.o
LOAD build/obj/chmtx.o
LOAD build/obj/chcond.o
LOAD build/obj/chevents.o
LOAD build/obj/chmsg.o
LOAD build/obj/chmboxes.o
LOAD build/obj/chqueues.o
LOAD build/obj/chmemcore.o
LOAD build/obj/chheap.o
LOAD build/obj/chmempools.o
LOAD build/obj/test.o
LOAD build/obj/testthd.o
LOAD build/obj/testsem.o
LOAD build/obj/testmtx.o
LOAD build/obj/testmsg.o
LOAD build/obj/testmbox.o
LOAD build/obj/testevt.o
LOAD build/obj/testheap.o
LOAD build/obj/testpools.o
LOAD build/obj/testdyn.o
LOAD build/obj/testqueues.o
LOAD build/obj/testbmk.o
LOAD build/obj/hal.o
LOAD build/obj/adc.o
LOAD build/obj/can.o
LOAD build/obj/ext.o
LOAD build/obj/gpt.o
LOAD build/obj/i2c.o
LOAD build/obj/icu.o
LOAD build/obj/mac.o
LOAD build/obj/pal.o
LOAD build/obj/pwm.o
LOAD build/obj/sdc.o
LOAD build/obj/serial.o
LOAD build/obj/spi.o
LOAD build/obj/uart.o
LOAD build/obj/usb.o
LOAD build/obj/tm.o
LOAD build/obj/mmc_spi.o
LOAD build/obj/serial_usb.o
LOAD build/obj/rtc.o
LOAD build/obj/stm32_dma.o
LOAD build/obj/hal_lld.o
LOAD build/obj/adc_lld.o
LOAD build/obj/can_lld.o
LOAD build/obj/ext_lld.o
LOAD build/obj/gpt_lld.o
LOAD build/obj/i2c_lld.o
LOAD build/obj/icu_lld.o
LOAD build/obj/mac_lld.o
LOAD build/obj/pwm_lld.o
LOAD build/obj/serial_lld.o
LOAD build/obj/spi_lld.o
LOAD build/obj/uart_lld.o
LOAD build/obj/pal_lld.o
LOAD build/obj/board.o
LOAD build/obj/lis302dl.o
LOAD build/obj/chprintf.o
LOAD build/obj/shell.o
LOAD build/obj/main.o
LOAD build/obj/ir.o
LOAD build/obj/Led.o
LOAD build/obj/Rfid.o
LOAD build/obj/TowersAndFactories.o
LOAD build/obj/Sonar.o
LOAD build/obj/SpykeeShell.o
LOAD build/obj/CircularBuffer.o
LOAD build/obj/chsprintf.o
START GROUP
LOAD /opt/arm/bin/../lib/gcc/arm-none-eabi/4.6.3/thumb2/libgcc.a
LOAD /opt/arm/bin/../lib/gcc/arm-none-eabi/4.6.3/../../../../arm-none-eabi/lib/thumb2/libc.a
END GROUP
                0x00000400                __main_stack_size__ = 0x400
                0x00000400                __process_stack_size__ = 0x400
                0x20000000                __ram_start__ = ORIGIN (ram)
                0x0001c000                __ram_size__ = 0x1c000
                0x2001c000                __ram_end__ = (__ram_start__ + __ram_size__)
                0x00000000                . = 0x0
                0x00000000                _text = .

startup         0x08000000      0x188
 *(vectors)
 vectors        0x08000000      0x188 build/obj/vectors.o
                0x08000000                _vectors

constructors    0x08000188        0x0
                0x08000188                PROVIDE (__init_array_start, .)
 *(SORT(.init_array.*))
 *(.init_array)
                0x08000188                PROVIDE (__init_array_end, .)

destructors     0x08000188        0x0
                0x08000188                PROVIDE (__fini_array_start, .)
 *(.fini_array)
 *(SORT(.fini_array.*))
                0x08000188                PROVIDE (__fini_array_end, .)

.text           0x08000190     0x3f80
 *(.text.startup.*)
 .text.startup.main
                0x08000190       0x90 build/obj/main.o
                0x08000190                main
 *(.text)
 .text          0x08000220       0x48 /opt/arm/bin/../lib/gcc/arm-none-eabi/4.6.3/../../../../arm-none-eabi/lib/thumb2/libc.a(lib_a-strcasecmp.o)
                0x08000220                strcasecmp
 *fill*         0x08000268        0x8 00
 .text          0x08000270       0xf0 /opt/arm/bin/../lib/gcc/arm-none-eabi/4.6.3/../../../../arm-none-eabi/lib/thumb2/libc.a(lib_a-strchr.o)
                0x08000270                strchr
 .text          0x08000360       0x40 /opt/arm/bin/../lib/gcc/arm-none-eabi/4.6.3/../../../../arm-none-eabi/lib/thumb2/libc.a(lib_a-strspn.o)
                0x08000360                strspn
 *(.text.*)
 .text.__late_init
                0x080003a0       0x10 build/obj/crt0.o
                0x080003a0                __late_init
 .text._default_exit
                0x080003b0       0x10 build/obj/crt0.o
                0x080003b0                _default_exit
 .text.ResetHandler
                0x080003c0      0x1e0 build/obj/crt0.o
                0x080003c0                ResetHandler
 .text._unhandled_exception
                0x080005a0       0x10 build/obj/vectors.o
                0x080005a0                Vector58
                0x080005a0                VectorE8
                0x080005a0                Vector9C
                0x080005a0                Vector5C
                0x080005a0                NMIVector
                0x080005a0                Vector11C
                0x080005a0                Vector8C
                0x080005a0                Vector168
                0x080005a0                Vector110
                0x080005a0                VectorC8
                0x080005a0                Vector94
                0x080005a0                VectorA8
                0x080005a0                Vector160
                0x080005a0                VectorEC
                0x080005a0                UsageFaultVector
                0x080005a0                DebugMonitorVector
                0x080005a0                Vector40
                0x080005a0                VectorBC
                0x080005a0                Vector148
                0x080005a0                PendSVVector
                0x080005a0                Vector118
                0x080005a0                Vector64
                0x080005a0                VectorCC
                0x080005a0                Vector54
                0x080005a0                Vector98
                0x080005a0                Vector138
                0x080005a0                Vector24
                0x080005a0                Vector178
                0x080005a0                BusFaultVector
                0x080005a0                VectorD0
                0x080005a0                Vector140
                0x080005a0                VectorE4
                0x080005a0                VectorC0
                0x080005a0                HardFaultVector
                0x080005a0                Vector134
                0x080005a0                Vector13C
                0x080005a0                Vector100
                0x080005a0                VectorE0
                0x080005a0                VectorF4
                0x080005a0                MemManageVector
                0x080005a0                VectorA0
                0x080005a0                VectorC4
                0x080005a0                Vector180
                0x080005a0                VectorB0
                0x080005a0                Vector90
                0x080005a0                Vector114
                0x080005a0                Vector164
                0x080005a0                Vector60
                0x080005a0                Vector1C
                0x080005a0                Vector17C
                0x080005a0                Vector48
                0x080005a0                Vector16C
                0x080005a0                Vector4C
                0x080005a0                Vector144
                0x080005a0                Vector15C
                0x080005a0                Vector68
                0x080005a0                _unhandled_exception
                0x080005a0                Vector170
                0x080005a0                Vector104
                0x080005a0                Vector184
                0x080005a0                Vector10C
                0x080005a0                Vector14C
                0x080005a0                Vector50
                0x080005a0                Vector44
                0x080005a0                Vector28
                0x080005a0                VectorB8
                0x080005a0                Vector34
                0x080005a0                Vector20
                0x080005a0                Vector174
 .text._port_switch_from_isr
                0x080005b0       0x10 build/obj/chcore_v7m.o
                0x080005b0                _port_switch_from_isr
 .text.SVCallVector
                0x080005c0       0x20 build/obj/chcore_v7m.o
                0x080005c0                SVCallVector
 .text._port_init
                0x080005e0       0x40 build/obj/chcore_v7m.o
                0x080005e0                _port_init
 .text._port_irq_epilogue
                0x08000620       0x80 build/obj/chcore_v7m.o
                0x08000620                _port_irq_epilogue
 .text.SysTickVector
                0x080006a0       0x20 build/obj/chcore_v7m.o
                0x080006a0                SysTickVector
 .text._port_switch
                0x080006c0       0x10 build/obj/chcore_v7m.o
                0x080006c0                _port_switch
 .text._port_thread_start
                0x080006d0       0x10 build/obj/chcore_v7m.o
                0x080006d0                _port_thread_start
 .text.nvicEnableVector
                0x080006e0       0x50 build/obj/nvic.o
                0x080006e0                nvicEnableVector
 .text.nvicSetSystemHandlerPriority
                0x08000730       0x30 build/obj/nvic.o
                0x08000730                nvicSetSystemHandlerPriority
 .text._idle_thread
                0x08000760       0x20 build/obj/chsys.o
                0x08000760                _idle_thread
 .text.chSysInit
                0x08000780       0x70 build/obj/chsys.o
                0x08000780                chSysInit
 .text.chSysTimerHandlerI
                0x080007f0       0x50 build/obj/chsys.o
                0x080007f0                chSysTimerHandlerI
 .text._vt_init
                0x08000840       0x20 build/obj/chvt.o
                0x08000840                _vt_init
 .text.chVTSetI
                0x08000860       0x40 build/obj/chvt.o
                0x08000860                chVTSetI
 .text.chVTResetI
                0x080008a0       0x30 build/obj/chvt.o
                0x080008a0                chVTResetI
 .text.wakeup   0x080008d0       0x60 build/obj/chschd.o
 .text._scheduler_init
                0x08000930       0x20 build/obj/chschd.o
                0x08000930                _scheduler_init
 .text.chSchReadyI
                0x08000950       0x30 build/obj/chschd.o
                0x08000950                chSchReadyI
 .text.chSchGoSleepS
                0x08000980       0x30 build/obj/chschd.o
                0x08000980                chSchGoSleepS
 .text.chSchGoSleepTimeoutS
                0x080009b0       0x50 build/obj/chschd.o
                0x080009b0                chSchGoSleepTimeoutS
 .text.chSchWakeupS
                0x08000a00       0x60 build/obj/chschd.o
                0x08000a00                chSchWakeupS
 .text.chSchDoReschedule
                0x08000a60       0x40 build/obj/chschd.o
                0x08000a60                chSchDoReschedule
 .text._thread_init
                0x08000aa0       0x40 build/obj/chthreads.o
                0x08000aa0                _thread_init
 .text.chThdCreateI
                0x08000ae0       0x70 build/obj/chthreads.o
                0x08000ae0                chThdCreateI
 .text.chThdCreateStatic
                0x08000b50       0x30 build/obj/chthreads.o
                0x08000b50                chThdCreateStatic
 .text.chThdSleep
                0x08000b80       0x20 build/obj/chthreads.o
                0x08000b80                chThdSleep
 .text.chThdExitS
                0x08000ba0       0x50 build/obj/chthreads.o
                0x08000ba0                chThdExitS
 .text.chThdExit
                0x08000bf0       0x10 build/obj/chthreads.o
                0x08000bf0                chThdExit
 .text.chThdCreateFromHeap
                0x08000c00       0x40 build/obj/chdynamic.o
                0x08000c00                chThdCreateFromHeap
 .text.chMtxInit
                0x08000c40       0x10 build/obj/chmtx.o
                0x08000c40                chMtxInit
 .text.chMtxLockS
                0x08000c50       0xd0 build/obj/chmtx.o
                0x08000c50                chMtxLockS
 .text.chMtxLock
                0x08000d20       0x20 build/obj/chmtx.o
                0x08000d20                chMtxLock
 .text.chMtxUnlock
                0x08000d40       0x70 build/obj/chmtx.o
                0x08000d40                chMtxUnlock
 .text.chEvtSignalFlagsI
                0x08000db0       0x30 build/obj/chevents.o
                0x08000db0                chEvtSignalFlagsI
 .text.chEvtBroadcastFlagsI
                0x08000de0       0x20 build/obj/chevents.o
                0x08000de0                chEvtBroadcastFlagsI
 .text.qwait    0x08000e00       0x30 build/obj/chqueues.o
 .text.chIQInit
                0x08000e30       0x20 build/obj/chqueues.o
                0x08000e30                chIQInit
 .text.chIQPutI
                0x08000e50       0x50 build/obj/chqueues.o
                0x08000e50                chIQPutI
 .text.chIQGetTimeout
                0x08000ea0       0x50 build/obj/chqueues.o
                0x08000ea0                chIQGetTimeout
 .text.chIQReadTimeout
                0x08000ef0       0x80 build/obj/chqueues.o
                0x08000ef0                chIQReadTimeout
 .text.chOQInit
                0x08000f70       0x20 build/obj/chqueues.o
                0x08000f70                chOQInit
 .text.chOQPutTimeout
                0x08000f90       0x50 build/obj/chqueues.o
                0x08000f90                chOQPutTimeout
 .text.chOQGetI
                0x08000fe0       0x50 build/obj/chqueues.o
                0x08000fe0                chOQGetI
 .text.chOQWriteTimeout
                0x08001030       0x80 build/obj/chqueues.o
                0x08001030                chOQWriteTimeout
 .text._core_init
                0x080010b0       0x30 build/obj/chmemcore.o
                0x080010b0                _core_init
 .text.chCoreAlloc
                0x080010e0       0x40 build/obj/chmemcore.o
                0x080010e0                chCoreAlloc
 .text._heap_init
                0x08001120       0x20 build/obj/chheap.o
                0x08001120                _heap_init
 .text.chHeapAlloc
                0x08001140       0x90 build/obj/chheap.o
                0x08001140                chHeapAlloc
 .text.halInit  0x080011d0       0x30 build/obj/hal.o
                0x080011d0                halInit
 .text.adcInit  0x08001200       0x10 build/obj/adc.o
                0x08001200                adcInit
 .text.adcObjectInit
                0x08001210       0x20 build/obj/adc.o
                0x08001210                adcObjectInit
 .text.adcStart
                0x08001230       0x20 build/obj/adc.o
                0x08001230                adcStart
 .text.adcStartConversion
                0x08001250       0x20 build/obj/adc.o
                0x08001250                adcStartConversion
 .text.icuInit  0x08001270       0x10 build/obj/icu.o
                0x08001270                icuInit
 .text.icuObjectInit
                0x08001280       0x10 build/obj/icu.o
                0x08001280                icuObjectInit
 .text.icuStart
                0x08001290       0x20 build/obj/icu.o
                0x08001290                icuStart
 .text.icuEnable
                0x080012b0       0x20 build/obj/icu.o
                0x080012b0                icuEnable
 .text.putwouldblock
                0x080012d0       0x10 build/obj/serial.o
 .text.getwouldblock
                0x080012e0       0x10 build/obj/serial.o
 .text.getflags
                0x080012f0       0x20 build/obj/serial.o
 .text.readt    0x08001310       0x10 build/obj/serial.o
 .text.reads    0x08001320       0x10 build/obj/serial.o
 .text.writet   0x08001330       0x10 build/obj/serial.o
 .text.writes   0x08001340       0x10 build/obj/serial.o
 .text.gett     0x08001350       0x10 build/obj/serial.o
 .text.putt     0x08001360       0x10 build/obj/serial.o
 .text.sdInit   0x08001370       0x10 build/obj/serial.o
                0x08001370                sdInit
 .text.sdObjectInit
                0x08001380       0x40 build/obj/serial.o
                0x08001380                sdObjectInit
 .text.sdStart  0x080013c0       0x20 build/obj/serial.o
                0x080013c0                sdStart
 .text.sdIncomingDataI
                0x080013e0       0x50 build/obj/serial.o
                0x080013e0                sdIncomingDataI
 .text.spiInit  0x08001430       0x10 build/obj/spi.o
                0x08001430                spiInit
 .text.spiObjectInit
                0x08001440       0x10 build/obj/spi.o
                0x08001440                spiObjectInit
 .text.Vector6C
                0x08001450       0x30 build/obj/stm32_dma.o
                0x08001450                Vector6C
 .text.Vector70
                0x08001480       0x30 build/obj/stm32_dma.o
                0x08001480                Vector70
 .text.Vector74
                0x080014b0       0x30 build/obj/stm32_dma.o
                0x080014b0                Vector74
 .text.Vector78
                0x080014e0       0x30 build/obj/stm32_dma.o
                0x080014e0                Vector78
 .text.Vector7C
                0x08001510       0x30 build/obj/stm32_dma.o
                0x08001510                Vector7C
 .text.Vector80
                0x08001540       0x30 build/obj/stm32_dma.o
                0x08001540                Vector80
 .text.Vector84
                0x08001570       0x30 build/obj/stm32_dma.o
                0x08001570                Vector84
 .text.VectorFC
                0x080015a0       0x30 build/obj/stm32_dma.o
                0x080015a0                VectorFC
 .text.Vector120
                0x080015d0       0x30 build/obj/stm32_dma.o
                0x080015d0                Vector120
 .text.Vector124
                0x08001600       0x30 build/obj/stm32_dma.o
                0x08001600                Vector124
 .text.Vector128
                0x08001630       0x30 build/obj/stm32_dma.o
                0x08001630                Vector128
 .text.Vector12C
                0x08001660       0x30 build/obj/stm32_dma.o
                0x08001660                Vector12C
 .text.Vector130
                0x08001690       0x30 build/obj/stm32_dma.o
                0x08001690                Vector130
 .text.Vector150
                0x080016c0       0x30 build/obj/stm32_dma.o
                0x080016c0                Vector150
 .text.Vector154
                0x080016f0       0x30 build/obj/stm32_dma.o
                0x080016f0                Vector154
 .text.Vector158
                0x08001720       0x30 build/obj/stm32_dma.o
                0x08001720                Vector158
 .text.dmaInit  0x08001750      0x130 build/obj/stm32_dma.o
                0x08001750                dmaInit
 .text.dmaStreamAllocate
                0x08001880       0xb0 build/obj/stm32_dma.o
                0x08001880                dmaStreamAllocate
 .text.hal_lld_init
                0x08001930       0xd0 build/obj/hal_lld.o
                0x08001930                hal_lld_init
 .text.stm32_clock_init
                0x08001a00       0xf0 build/obj/hal_lld.o
                0x08001a00                stm32_clock_init
 .text.adc_lld_init
                0x08001af0       0x40 build/obj/adc_lld.o
                0x08001af0                adc_lld_init
 .text.adc_lld_start
                0x08001b30       0x70 build/obj/adc_lld.o
                0x08001b30                adc_lld_start
 .text.adc_lld_start_conversion
                0x08001ba0       0x80 build/obj/adc_lld.o
                0x08001ba0                adc_lld_start_conversion
 .text.adc_lld_stop_conversion
                0x08001c20       0x30 build/obj/adc_lld.o
                0x08001c20                adc_lld_stop_conversion
 .text.adc_lld_serve_rx_interrupt
                0x08001c50      0x110 build/obj/adc_lld.o
 .text.Vector88
                0x08001d60       0x80 build/obj/adc_lld.o
                0x08001d60                Vector88
 .text.icu_lld_serve_interrupt
                0x08001de0       0x40 build/obj/icu_lld.o
 .text.VectorAC
                0x08001e20       0x20 build/obj/icu_lld.o
                0x08001e20                VectorAC
 .text.VectorA4
                0x08001e40       0x20 build/obj/icu_lld.o
                0x08001e40                VectorA4
 .text.VectorB4
                0x08001e60       0x20 build/obj/icu_lld.o
                0x08001e60                VectorB4
 .text.Vector108
                0x08001e80       0x20 build/obj/icu_lld.o
                0x08001e80                Vector108
 .text.VectorF8
                0x08001ea0       0x20 build/obj/icu_lld.o
                0x08001ea0                VectorF8
 .text.VectorF0
                0x08001ec0       0x20 build/obj/icu_lld.o
                0x08001ec0                VectorF0
 .text.icu_lld_init
                0x08001ee0       0x70 build/obj/icu_lld.o
                0x08001ee0                icu_lld_init
 .text.icu_lld_start
                0x08001f50      0x180 build/obj/icu_lld.o
                0x08001f50                icu_lld_start
 .text.icu_lld_enable
                0x080020d0       0x30 build/obj/icu_lld.o
                0x080020d0                icu_lld_enable
 .text.notify1  0x08002100       0x20 build/obj/serial_lld.o
 .text.notify2  0x08002120       0x20 build/obj/serial_lld.o
 .text.notify3  0x08002140       0x20 build/obj/serial_lld.o
 .text.serve_interrupt
                0x08002160      0x120 build/obj/serial_lld.o
 .text.VectorD4
                0x08002280       0x20 build/obj/serial_lld.o
                0x08002280                VectorD4
 .text.VectorD8
                0x080022a0       0x20 build/obj/serial_lld.o
                0x080022a0                VectorD8
 .text.VectorDC
                0x080022c0       0x20 build/obj/serial_lld.o
                0x080022c0                VectorDC
 .text.sd_lld_init
                0x080022e0       0x70 build/obj/serial_lld.o
                0x080022e0                sd_lld_init
 .text.sd_lld_start
                0x08002350      0x110 build/obj/serial_lld.o
                0x08002350                sd_lld_start
 .text.spi_lld_init
                0x08002460       0x80 build/obj/spi_lld.o
                0x08002460                spi_lld_init
 .text._pal_lld_init
                0x080024e0      0x1f0 build/obj/pal_lld.o
                0x080024e0                _pal_lld_init
 .text.__early_init
                0x080026d0       0x10 build/obj/board.o
                0x080026d0                __early_init
 .text.boardInit
                0x080026e0       0x10 build/obj/board.o
                0x080026e0                boardInit
 .text.chprintf
                0x080026f0      0x4c0 build/obj/chprintf.o
                0x080026f0                chprintf
 .text.cmd_info
                0x08002bb0       0x30 build/obj/shell.o
 .text._strtok.constprop.1
                0x08002be0       0x50 build/obj/shell.o
 .text.shellInit
                0x08002c30       0x10 build/obj/shell.o
                0x08002c30                shellInit
 .text.shellCreate
                0x08002c40       0x20 build/obj/shell.o
                0x08002c40                shellCreate
 .text.shellGetLine
                0x08002c60       0x60 build/obj/shell.o
                0x08002c60                shellGetLine
 .text.shell_thread
                0x08002cc0      0x280 build/obj/shell.o
 .text.irThread
                0x08002f40       0x70 build/obj/ir.o
 .text.startIrThread
                0x08002fb0       0x30 build/obj/ir.o
                0x08002fb0                startIrThread
 .text.blinkerThread
                0x08002fe0       0x60 build/obj/Led.o
 .text.setLed   0x08003040       0x20 build/obj/Led.o
                0x08003040                setLed
 .text.spykeeLedBlinkerThread
                0x08003060       0xb0 build/obj/Led.o
 .text.resetLed
                0x08003110       0x80 build/obj/Led.o
                0x08003110                resetLed
 .text.startLedBlinkerTreads
                0x08003190       0x50 build/obj/Led.o
                0x08003190                startLedBlinkerTreads
 .text.rfidThread
                0x080031e0       0x70 build/obj/Rfid.o
 .text.startRfidThread
                0x08003250       0x30 build/obj/Rfid.o
                0x08003250                startRfidThread
 .text.writeTowerEventToBuffer
                0x08003280       0x30 build/obj/TowersAndFactories.o
                0x08003280                writeTowerEventToBuffer
 .text.towerFactoriesThread
                0x080032b0       0x60 build/obj/TowersAndFactories.o
 .text.startTowersAndFactoriesThread
                0x08003310       0x30 build/obj/TowersAndFactories.o
                0x08003310                startTowersAndFactoriesThread
 .text.icuWidthCB
                0x08003340       0x90 build/obj/Sonar.o
 .text.sonarThread
                0x080033d0       0xc0 build/obj/Sonar.o
 .text.startSonarThread
                0x08003490       0x30 build/obj/Sonar.o
                0x08003490                startSonarThread
 .text.cmd_infrared
                0x080034c0       0x40 build/obj/SpykeeShell.o
 .text.cmd_led  0x08003500       0x80 build/obj/SpykeeShell.o
 .text.cmd_reset
                0x08003580       0x10 build/obj/SpykeeShell.o
 .text.shellInitControl
                0x08003590       0x30 build/obj/SpykeeShell.o
                0x08003590                shellInitControl
 .text.bufferPut
                0x080035c0       0x50 build/obj/CircularBuffer.o
 .text.bufferInit
                0x08003610       0x10 build/obj/CircularBuffer.o
                0x08003610                bufferInit
 .text.bufferPutString
                0x08003620       0x60 build/obj/CircularBuffer.o
                0x08003620                bufferPutString
 .text.writeContentOnBaseChannel
                0x08003680       0x60 build/obj/CircularBuffer.o
                0x08003680                writeContentOnBaseChannel
 .text.chsprintf
                0x080036e0      0x4a0 build/obj/chsprintf.o
                0x080036e0                chsprintf
 *(.rodata)
 .rodata        0x08003b80        0x4 build/obj/shell.o
 *fill*         0x08003b84        0xc 00
 .rodata        0x08003b90        0xc build/obj/main.o
 *fill*         0x08003b9c        0x4 00
 .rodata        0x08003ba0        0xc build/obj/Rfid.o
 *fill*         0x08003bac        0x4 00
 .rodata        0x08003bb0       0x10 build/obj/Sonar.o
 .rodata        0x08003bc0      0x104 /opt/arm/bin/../lib/gcc/arm-none-eabi/4.6.3/../../../../arm-none-eabi/lib/thumb2/libc.a(lib_a-ctype_.o)
                0x08003bc0                _ctype_
 *(.rodata.*)
 *fill*         0x08003cc4        0xc 00
 .rodata.str1.4
                0x08003cd0        0x5 build/obj/chsys.o
                                  0x8 (size before relaxing)
 *fill*         0x08003cd5        0xb 00
 .rodata.ch_debug
                0x08003ce0       0x18 build/obj/chregistry.o
                0x08003ce0                ch_debug
 *fill*         0x08003cf8        0x8 00
 .rodata.vmt    0x08003d00       0x24 build/obj/serial.o
 *fill*         0x08003d24        0xc 00
 .rodata._stm32_dma_streams
                0x08003d30       0xc0 build/obj/stm32_dma.o
                0x08003d30                _stm32_dma_streams
 .rodata.default_config
                0x08003df0        0xc build/obj/serial_lld.o
 *fill*         0x08003dfc        0x4 00
 .rodata.pal_default_config
                0x08003e00       0xfc build/obj/board.o
                0x08003e00                pal_default_config
 *fill*         0x08003efc        0x4 00
 .rodata.str1.4
                0x08003f00        0x7 build/obj/chprintf.o
                                  0x8 (size before relaxing)
 *fill*         0x08003f07        0x9 00
 .rodata.str1.4
                0x08003f10       0x91 build/obj/shell.o
                                 0x98 (size before relaxing)
 *fill*         0x08003fa1        0xf 00
 .rodata.str1.4
                0x08003fb0       0x19 build/obj/main.o
                                 0x1c (size before relaxing)
 *fill*         0x08003fc9        0x7 00
 .rodata.str1.4
                0x08003fd0       0x19 build/obj/ir.o
                                 0x1c (size before relaxing)
 *fill*         0x08003fe9        0x7 00
 .rodata.adc_grpcfg
                0x08003ff0       0x2c build/obj/ir.o
 *fill*         0x0800401c        0x4 00
 .rodata.str1.4
                0x08004020        0xa build/obj/Rfid.o
                                  0xc (size before relaxing)
 *fill*         0x0800402a        0x6 00
 .rodata.str1.4
                0x08004030       0x15 build/obj/TowersAndFactories.o
                                 0x18 (size before relaxing)
 *fill*         0x08004045        0xb 00
 .rodata.str1.4
                0x08004050       0x1c build/obj/Sonar.o
 *fill*         0x0800406c        0x4 00
 .rodata.shellConfig
                0x08004070        0x8 build/obj/SpykeeShell.o
 *fill*         0x08004078        0x8 00
 .rodata.commands
                0x08004080       0x20 build/obj/SpykeeShell.o
 .rodata.str1.4
                0x080040a0       0x15 build/obj/SpykeeShell.o
                                 0x18 (size before relaxing)
 *fill*         0x080040b5        0xb 00
 .rodata.CSWTCH.2
                0x080040c0       0x28 build/obj/SpykeeShell.o
 *fill*         0x080040e8        0x8 00
 .rodata.str1.4
                0x080040f0       0x20 build/obj/CircularBuffer.o
 .rodata.str1.4
                0x00000000        0x8 build/obj/chsprintf.o
 *(.glue_7t)
 .glue_7t       0x00000000        0x0 linker stubs
 *(.glue_7)
 .glue_7        0x00000000        0x0 linker stubs
 *(.gcc*)

.vfp11_veneer   0x08004110        0x0
 .vfp11_veneer  0x00000000        0x0 linker stubs

.v4_bx          0x08004110        0x0
 .v4_bx         0x00000000        0x0 linker stubs

.iplt           0x08004110        0x0
 .iplt          0x00000000        0x0 build/obj/crt0.o

.rel.dyn        0x08004110        0x0
 .rel.iplt      0x00000000        0x0 build/obj/crt0.o

.ARM.extab
 *(.ARM.extab* .gnu.linkonce.armextab.*)

.ARM.exidx      0x08004110        0x0
                0x08004110                PROVIDE (__exidx_start, .)
 *(.ARM.exidx* .gnu.linkonce.armexidx.*)
                0x08004110                PROVIDE (__exidx_end, .)

.eh_frame_hdr
 *(.eh_frame_hdr)

.eh_frame
 *(.eh_frame)

.textalign      0x08004110        0x0
                0x08004110                . = ALIGN (0x8)
                0x08004110                _etext = .
                0x08004110                _textdata = _etext

.stacks         0x20000000      0x800
                0x20000000                . = ALIGN (0x8)
                0x20000000                __main_stack_base__ = .
                0x20000400                . = (. + __main_stack_size__)
 *fill*         0x20000000      0x400 00
                0x20000400                . = ALIGN (0x8)
                0x20000400                __main_stack_end__ = .
                0x20000400                __process_stack_base__ = .
                0x20000400                __main_thread_stack_base__ = .
                0x20000800                . = (. + __process_stack_size__)
 *fill*         0x20000400      0x400 00
                0x20000800                . = ALIGN (0x8)
                0x20000800                __process_stack_end__ = .
                0x20000800                __main_thread_stack_end__ = .

.data           0x20000800       0x14 load address 0x08004110
                0x20000800                . = ALIGN (0x4)
                0x20000800                PROVIDE (_data, .)
 *(.data)
 .data          0x20000800        0x4 /opt/arm/bin/../lib/gcc/arm-none-eabi/4.6.3/../../../../arm-none-eabi/lib/thumb2/libc.a(lib_a-ctype_.o)
                0x20000800                __ctype_ptr__
                0x20000804                . = ALIGN (0x4)
 *(.data.*)
 .data.local_commands
                0x20000804       0x10 build/obj/shell.o
                0x20000814                . = ALIGN (0x4)
 *(.ramtext)
                0x20000814                . = ALIGN (0x4)
                0x20000814                PROVIDE (_edata, .)

.igot.plt       0x20000814        0x0 load address 0x08004124
 .igot.plt      0x00000000        0x0 build/obj/crt0.o

.bss            0x20000818     0x1720 load address 0x08004128
                0x20000818                . = ALIGN (0x4)
                0x20000818                PROVIDE (_bss_start, .)
 *(.bss)
                0x20000818                . = ALIGN (0x4)
 *(.bss.*)
 .bss.mainthread.4693
                0x20000818       0x48 build/obj/chsys.o
 .bss._idle_thread_wa
                0x20000860       0xc0 build/obj/chsys.o
                0x20000860                _idle_thread_wa
 .bss.vtlist    0x20000920       0x10 build/obj/chvt.o
                0x20000920                vtlist
 .bss.rlist     0x20000930       0x20 build/obj/chschd.o
                0x20000930                rlist
 .bss.endmem    0x20000950        0x4 build/obj/chmemcore.o
 .bss.nextmem   0x20000954        0x4 build/obj/chmemcore.o
 .bss.default_heap
                0x20000958       0x20 build/obj/chheap.o
 .bss.dma_isr_redir
                0x20000978       0x80 build/obj/stm32_dma.o
 .bss.dma_streams_mask
                0x200009f8        0x4 build/obj/stm32_dma.o
 .bss.ADCD1     0x200009fc       0x34 build/obj/adc_lld.o
                0x200009fc                ADCD1
 .bss.ICUD3     0x20000a30       0x10 build/obj/icu_lld.o
                0x20000a30                ICUD3
 .bss.ICUD5     0x20000a40       0x10 build/obj/icu_lld.o
                0x20000a40                ICUD5
 .bss.ICUD8     0x20000a50       0x10 build/obj/icu_lld.o
                0x20000a50                ICUD8
 .bss.ICUD1     0x20000a60       0x10 build/obj/icu_lld.o
                0x20000a60                ICUD1
 .bss.SD1       0x20000a70       0x74 build/obj/serial_lld.o
                0x20000a70                SD1
 .bss.SD2       0x20000ae4       0x74 build/obj/serial_lld.o
                0x20000ae4                SD2
 .bss.SD3       0x20000b58       0x74 build/obj/serial_lld.o
                0x20000b58                SD3
 .bss.dummytx   0x20000bcc        0x2 build/obj/spi_lld.o
 *fill*         0x20000bce        0x2 00
 .bss.SPID1     0x20000bd0       0x30 build/obj/spi_lld.o
                0x20000bd0                SPID1
 .bss.SPID2     0x20000c00       0x30 build/obj/spi_lld.o
                0x20000c00                SPID2
 .bss.shell_terminated
                0x20000c30        0x4 build/obj/shell.o
                0x20000c30                shell_terminated
 .bss.outputBuffer
                0x20000c34       0xb0 build/obj/main.o
                0x20000c34                outputBuffer
 *fill*         0x20000ce4        0x4 00
 .bss.irWorkingArea
                0x20000ce8      0x4b0 build/obj/ir.o
 .bss.ir_data   0x20001198        0x8 build/obj/ir.o
 .bss.blinkerWorkingArea
                0x200011a0      0x130 build/obj/Led.o
 .bss.spykeeLedMutex
                0x200012d0       0x10 build/obj/Led.o
                0x200012d0                spykeeLedMutex
 .bss.blinking  0x200012e0        0xc build/obj/Led.o
                0x200012e0                blinking
 *fill*         0x200012ec        0x4 00
 .bss.spykeeLedBlinkerWorkingArea
                0x200012f0      0x130 build/obj/Led.o
 .bss.rfidWorkingArea
                0x20001420      0x4b0 build/obj/Rfid.o
 .bss.TowersAndFactoriesWorkingArea
                0x200018d0      0x1b0 build/obj/TowersAndFactories.o
 .bss.sonar_data
                0x20001a80        0x8 build/obj/Sonar.o
                0x20001a80                sonar_data
 .bss.sonarWorkingArea
                0x20001a88      0x4b0 build/obj/Sonar.o
                0x20001f38                . = ALIGN (0x4)
 *(COMMON)
                0x20001f38                . = ALIGN (0x4)
                0x20001f38                PROVIDE (_bss_end, .)
                0x20001f38                PROVIDE (end, .)
                0x20001f38                _end = .
                0x20001f38                __heap_base__ = _end
                0x2001c000                __heap_end__ = __ram_end__
OUTPUT(build/ch.elf elf32-littlearm)

.debug_info     0x00000000    0x145ba
 .debug_info    0x00000000      0x298 build/obj/crt0.o
 .debug_info    0x00000298      0x1dd build/obj/vectors.o
 .debug_info    0x00000475      0x7d9 build/obj/chcore_v7m.o
 .debug_info    0x00000c4e      0x433 build/obj/nvic.o
 .debug_info    0x00001081      0x75e build/obj/chsys.o
 .debug_info    0x000017df      0x268 build/obj/chvt.o
 .debug_info    0x00001a47      0x7f7 build/obj/chschd.o
 .debug_info    0x0000223e      0xaa9 build/obj/chthreads.o
 .debug_info    0x00002ce7      0x754 build/obj/chdynamic.o
 .debug_info    0x0000343b      0x650 build/obj/chregistry.o
 .debug_info    0x00003a8b      0x961 build/obj/chmtx.o
 .debug_info    0x000043ec      0xc1a build/obj/chevents.o
 .debug_info    0x00005006      0xb26 build/obj/chqueues.o
 .debug_info    0x00005b2c      0x21d build/obj/chmemcore.o
 .debug_info    0x00005d49      0x634 build/obj/chheap.o
 .debug_info    0x0000637d      0x34a build/obj/hal.o
 .debug_info    0x000066c7      0xd24 build/obj/adc.o
 .debug_info    0x000073eb      0x58e build/obj/icu.o
 .debug_info    0x00007979      0xdbc build/obj/serial.o
 .debug_info    0x00008735      0xec2 build/obj/spi.o
 .debug_info    0x000095f7      0xa0f build/obj/stm32_dma.o
 .debug_info    0x0000a006      0x4b2 build/obj/hal_lld.o
 .debug_info    0x0000a4b8     0x102e build/obj/adc_lld.o
 .debug_info    0x0000b4e6      0xa25 build/obj/icu_lld.o
 .debug_info    0x0000bf0b     0x10f6 build/obj/serial_lld.o
 .debug_info    0x0000d001      0xdc3 build/obj/spi_lld.o
 .debug_info    0x0000ddc4      0x739 build/obj/pal_lld.o
 .debug_info    0x0000e4fd      0x1eb build/obj/board.o
 .debug_info    0x0000e6e8      0x467 build/obj/chprintf.o
 .debug_info    0x0000eb4f      0xbf6 build/obj/shell.o
 .debug_info    0x0000f745      0xa2b build/obj/main.o
 .debug_info    0x00010170      0x9fd build/obj/ir.o
 .debug_info    0x00010b6d      0x687 build/obj/Led.o
 .debug_info    0x000111f4      0xa17 build/obj/Rfid.o
 .debug_info    0x00011c0b      0x629 build/obj/TowersAndFactories.o
 .debug_info    0x00012234      0x908 build/obj/Sonar.o
 .debug_info    0x00012b3c      0xc3f build/obj/SpykeeShell.o
 .debug_info    0x0001377b      0xb89 build/obj/CircularBuffer.o
 .debug_info    0x00014304      0x2b6 build/obj/chsprintf.o

.debug_abbrev   0x00000000     0x46be
 .debug_abbrev  0x00000000       0xd7 build/obj/crt0.o
 .debug_abbrev  0x000000d7       0xac build/obj/vectors.o
 .debug_abbrev  0x00000183      0x1b2 build/obj/chcore_v7m.o
 .debug_abbrev  0x00000335       0xf9 build/obj/nvic.o
 .debug_abbrev  0x0000042e      0x17a build/obj/chsys.o
 .debug_abbrev  0x000005a8      0x150 build/obj/chvt.o
 .debug_abbrev  0x000006f8      0x287 build/obj/chschd.o
 .debug_abbrev  0x0000097f      0x2bf build/obj/chthreads.o
 .debug_abbrev  0x00000c3e      0x19d build/obj/chdynamic.o
 .debug_abbrev  0x00000ddb      0x173 build/obj/chregistry.o
 .debug_abbrev  0x00000f4e      0x295 build/obj/chmtx.o
 .debug_abbrev  0x000011e3      0x257 build/obj/chevents.o
 .debug_abbrev  0x0000143a      0x28f build/obj/chqueues.o
 .debug_abbrev  0x000016c9      0x15e build/obj/chmemcore.o
 .debug_abbrev  0x00001827      0x1b8 build/obj/chheap.o
 .debug_abbrev  0x000019df      0x179 build/obj/hal.o
 .debug_abbrev  0x00001b58      0x28a build/obj/adc.o
 .debug_abbrev  0x00001de2      0x153 build/obj/icu.o
 .debug_abbrev  0x00001f35      0x208 build/obj/serial.o
 .debug_abbrev  0x0000213d      0x232 build/obj/spi.o
 .debug_abbrev  0x0000236f      0x197 build/obj/stm32_dma.o
 .debug_abbrev  0x00002506      0x106 build/obj/hal_lld.o
 .debug_abbrev  0x0000260c      0x23f build/obj/adc_lld.o
 .debug_abbrev  0x0000284b      0x234 build/obj/icu_lld.o
 .debug_abbrev  0x00002a7f      0x2c3 build/obj/serial_lld.o
 .debug_abbrev  0x00002d42      0x274 build/obj/spi_lld.o
 .debug_abbrev  0x00002fb6      0x1be build/obj/pal_lld.o
 .debug_abbrev  0x00003174       0xa9 build/obj/board.o
 .debug_abbrev  0x0000321d      0x1a0 build/obj/chprintf.o
 .debug_abbrev  0x000033bd      0x2a5 build/obj/shell.o
 .debug_abbrev  0x00003662      0x1a1 build/obj/main.o
 .debug_abbrev  0x00003803      0x1b2 build/obj/ir.o
 .debug_abbrev  0x000039b5      0x1ec build/obj/Led.o
 .debug_abbrev  0x00003ba1      0x1df build/obj/Rfid.o
 .debug_abbrev  0x00003d80      0x198 build/obj/TowersAndFactories.o
 .debug_abbrev  0x00003f18      0x1cf build/obj/Sonar.o
 .debug_abbrev  0x000040e7      0x1f2 build/obj/SpykeeShell.o
 .debug_abbrev  0x000042d9      0x268 build/obj/CircularBuffer.o
 .debug_abbrev  0x00004541      0x17d build/obj/chsprintf.o

.debug_loc      0x00000000     0x670c
 .debug_loc     0x00000000       0x88 build/obj/crt0.o
 .debug_loc     0x00000088       0xf2 build/obj/chcore_v7m.o
 .debug_loc     0x0000017a      0x102 build/obj/nvic.o
 .debug_loc     0x0000027c       0xbc build/obj/chsys.o
 .debug_loc     0x00000338       0xa9 build/obj/chvt.o
 .debug_loc     0x000003e1      0x29c build/obj/chschd.o
 .debug_loc     0x0000067d      0x51e build/obj/chthreads.o
 .debug_loc     0x00000b9b      0x2b5 build/obj/chdynamic.o
 .debug_loc     0x00000e50       0xc0 build/obj/chregistry.o
 .debug_loc     0x00000f10      0x4ce build/obj/chmtx.o
 .debug_loc     0x000013de      0x7dc build/obj/chevents.o
 .debug_loc     0x00001bba      0x719 build/obj/chqueues.o
 .debug_loc     0x000022d3       0x9c build/obj/chmemcore.o
 .debug_loc     0x0000236f      0x292 build/obj/chheap.o
 .debug_loc     0x00002601       0x8f build/obj/hal.o
 .debug_loc     0x00002690      0x43e build/obj/adc.o
 .debug_loc     0x00002ace      0x1a3 build/obj/icu.o
 .debug_loc     0x00002c71      0x410 build/obj/serial.o
 .debug_loc     0x00003081      0x630 build/obj/spi.o
 .debug_loc     0x000036b1      0x67e build/obj/stm32_dma.o
 .debug_loc     0x00003d2f       0x20 build/obj/hal_lld.o
 .debug_loc     0x00003d4f      0x32d build/obj/adc_lld.o
 .debug_loc     0x0000407c      0x1eb build/obj/icu_lld.o
 .debug_loc     0x00004267      0x375 build/obj/serial_lld.o
 .debug_loc     0x000045dc      0x364 build/obj/spi_lld.o
 .debug_loc     0x00004940       0xf3 build/obj/pal_lld.o
 .debug_loc     0x00004a33      0x72d build/obj/chprintf.o
 .debug_loc     0x00005160      0x573 build/obj/shell.o
 .debug_loc     0x000056d3       0x2c build/obj/main.o
 .debug_loc     0x000056ff       0x6c build/obj/ir.o
 .debug_loc     0x0000576b      0x266 build/obj/Led.o
 .debug_loc     0x000059d1       0x97 build/obj/Rfid.o
 .debug_loc     0x00005a68      0x14a build/obj/TowersAndFactories.o
 .debug_loc     0x00005bb2       0x8a build/obj/Sonar.o
 .debug_loc     0x00005c3c      0x180 build/obj/SpykeeShell.o
 .debug_loc     0x00005dbc      0x1c2 build/obj/CircularBuffer.o
 .debug_loc     0x00005f7e      0x78e build/obj/chsprintf.o

.debug_aranges  0x00000000      0xb50
 .debug_aranges
                0x00000000       0x38 build/obj/crt0.o
 .debug_aranges
                0x00000038       0x20 build/obj/vectors.o
 .debug_aranges
                0x00000058       0x50 build/obj/chcore_v7m.o
 .debug_aranges
                0x000000a8       0x30 build/obj/nvic.o
 .debug_aranges
                0x000000d8       0x30 build/obj/chsys.o
 .debug_aranges
                0x00000108       0x38 build/obj/chvt.o
 .debug_aranges
                0x00000140       0x58 build/obj/chschd.o
 .debug_aranges
                0x00000198       0x78 build/obj/chthreads.o
 .debug_aranges
                0x00000210       0x38 build/obj/chdynamic.o
 .debug_aranges
                0x00000248       0x28 build/obj/chregistry.o
 .debug_aranges
                0x00000270       0x58 build/obj/chmtx.o
 .debug_aranges
                0x000002c8       0x90 build/obj/chevents.o
 .debug_aranges
                0x00000358       0x70 build/obj/chqueues.o
 .debug_aranges
                0x000003c8       0x38 build/obj/chmemcore.o
 .debug_aranges
                0x00000400       0x40 build/obj/chheap.o
 .debug_aranges
                0x00000440       0x30 build/obj/hal.o
 .debug_aranges
                0x00000470       0x70 build/obj/adc.o
 .debug_aranges
                0x000004e0       0x48 build/obj/icu.o
 .debug_aranges
                0x00000528       0x90 build/obj/serial.o
 .debug_aranges
                0x000005b8       0x98 build/obj/spi.o
 .debug_aranges
                0x00000650       0xb0 build/obj/stm32_dma.o
 .debug_aranges
                0x00000700       0x28 build/obj/hal_lld.o
 .debug_aranges
                0x00000728       0x70 build/obj/adc_lld.o
 .debug_aranges
                0x00000798       0x78 build/obj/icu_lld.o
 .debug_aranges
                0x00000810       0x68 build/obj/serial_lld.o
 .debug_aranges
                0x00000878       0x78 build/obj/spi_lld.o
 .debug_aranges
                0x000008f0       0x28 build/obj/pal_lld.o
 .debug_aranges
                0x00000918       0x28 build/obj/board.o
 .debug_aranges
                0x00000940       0x20 build/obj/chprintf.o
 .debug_aranges
                0x00000960       0x50 build/obj/shell.o
 .debug_aranges
                0x000009b0       0x20 build/obj/main.o
 .debug_aranges
                0x000009d0       0x28 build/obj/ir.o
 .debug_aranges
                0x000009f8       0x40 build/obj/Led.o
 .debug_aranges
                0x00000a38       0x28 build/obj/Rfid.o
 .debug_aranges
                0x00000a60       0x30 build/obj/TowersAndFactories.o
 .debug_aranges
                0x00000a90       0x30 build/obj/Sonar.o
 .debug_aranges
                0x00000ac0       0x38 build/obj/SpykeeShell.o
 .debug_aranges
                0x00000af8       0x38 build/obj/CircularBuffer.o
 .debug_aranges
                0x00000b30       0x20 build/obj/chsprintf.o

.debug_ranges   0x00000000     0x1338
 .debug_ranges  0x00000000       0x58 build/obj/crt0.o
 .debug_ranges  0x00000058       0x10 build/obj/vectors.o
 .debug_ranges  0x00000068       0x58 build/obj/chcore_v7m.o
 .debug_ranges  0x000000c0       0x20 build/obj/nvic.o
 .debug_ranges  0x000000e0       0x20 build/obj/chsys.o
 .debug_ranges  0x00000100       0x28 build/obj/chvt.o
 .debug_ranges  0x00000128      0x1c8 build/obj/chschd.o
 .debug_ranges  0x000002f0       0xc0 build/obj/chthreads.o
 .debug_ranges  0x000003b0       0x28 build/obj/chdynamic.o
 .debug_ranges  0x000003d8       0x30 build/obj/chregistry.o
 .debug_ranges  0x00000408      0x218 build/obj/chmtx.o
 .debug_ranges  0x00000620       0xe0 build/obj/chevents.o
 .debug_ranges  0x00000700       0x78 build/obj/chqueues.o
 .debug_ranges  0x00000778       0x28 build/obj/chmemcore.o
 .debug_ranges  0x000007a0       0x30 build/obj/chheap.o
 .debug_ranges  0x000007d0       0x60 build/obj/hal.o
 .debug_ranges  0x00000830       0xd8 build/obj/adc.o
 .debug_ranges  0x00000908       0x98 build/obj/icu.o
 .debug_ranges  0x000009a0       0xb0 build/obj/serial.o
 .debug_ranges  0x00000a50      0x100 build/obj/spi.o
 .debug_ranges  0x00000b50       0xa0 build/obj/stm32_dma.o
 .debug_ranges  0x00000bf0       0x38 build/obj/hal_lld.o
 .debug_ranges  0x00000c28       0x60 build/obj/adc_lld.o
 .debug_ranges  0x00000c88       0x68 build/obj/icu_lld.o
 .debug_ranges  0x00000cf0       0xa0 build/obj/serial_lld.o
 .debug_ranges  0x00000d90       0x68 build/obj/spi_lld.o
 .debug_ranges  0x00000df8      0x150 build/obj/pal_lld.o
 .debug_ranges  0x00000f48       0x18 build/obj/board.o
 .debug_ranges  0x00000f60       0xa0 build/obj/chprintf.o
 .debug_ranges  0x00001000       0xf8 build/obj/shell.o
 .debug_ranges  0x000010f8       0x10 build/obj/main.o
 .debug_ranges  0x00001108       0x18 build/obj/ir.o
 .debug_ranges  0x00001120       0x30 build/obj/Led.o
 .debug_ranges  0x00001150       0x18 build/obj/Rfid.o
 .debug_ranges  0x00001168       0x20 build/obj/TowersAndFactories.o
 .debug_ranges  0x00001188       0x20 build/obj/Sonar.o
 .debug_ranges  0x000011a8       0x28 build/obj/SpykeeShell.o
 .debug_ranges  0x000011d0       0x98 build/obj/CircularBuffer.o
 .debug_ranges  0x00001268       0xd0 build/obj/chsprintf.o

.debug_line     0x00000000     0x6aff
 .debug_line    0x00000000      0x14c build/obj/crt0.o
 .debug_line    0x0000014c       0xcd build/obj/vectors.o
 .debug_line    0x00000219      0x21f build/obj/chcore_v7m.o
 .debug_line    0x00000438      0x109 build/obj/nvic.o
 .debug_line    0x00000541      0x1c3 build/obj/chsys.o
 .debug_line    0x00000704      0x196 build/obj/chvt.o
 .debug_line    0x0000089a      0x2f9 build/obj/chschd.o
 .debug_line    0x00000b93      0x350 build/obj/chthreads.o
 .debug_line    0x00000ee3      0x23b build/obj/chdynamic.o
 .debug_line    0x0000111e      0x1de build/obj/chregistry.o
 .debug_line    0x000012fc      0x370 build/obj/chmtx.o
 .debug_line    0x0000166c      0x317 build/obj/chevents.o
 .debug_line    0x00001983      0x369 build/obj/chqueues.o
 .debug_line    0x00001cec      0x14c build/obj/chmemcore.o
 .debug_line    0x00001e38      0x280 build/obj/chheap.o
 .debug_line    0x000020b8      0x26d build/obj/hal.o
 .debug_line    0x00002325      0x3ac build/obj/adc.o
 .debug_line    0x000026d1      0x1f5 build/obj/icu.o
 .debug_line    0x000028c6      0x3f4 build/obj/serial.o
 .debug_line    0x00002cba      0x442 build/obj/spi.o
 .debug_line    0x000030fc      0x3bd build/obj/stm32_dma.o
 .debug_line    0x000034b9      0x201 build/obj/hal_lld.o
 .debug_line    0x000036ba      0x44b build/obj/adc_lld.o
 .debug_line    0x00003b05      0x324 build/obj/icu_lld.o
 .debug_line    0x00003e29      0x40f build/obj/serial_lld.o
 .debug_line    0x00004238      0x4b9 build/obj/spi_lld.o
 .debug_line    0x000046f1      0x210 build/obj/pal_lld.o
 .debug_line    0x00004901      0x13d build/obj/board.o
 .debug_line    0x00004a3e      0x31e build/obj/chprintf.o
 .debug_line    0x00004d5c      0x351 build/obj/shell.o
 .debug_line    0x000050ad      0x2f7 build/obj/main.o
 .debug_line    0x000053a4      0x2b2 build/obj/ir.o
 .debug_line    0x00005656      0x2b5 build/obj/Led.o
 .debug_line    0x0000590b      0x31a build/obj/Rfid.o
 .debug_line    0x00005c25      0x261 build/obj/TowersAndFactories.o
 .debug_line    0x00005e86      0x29e build/obj/Sonar.o
 .debug_line    0x00006124      0x38e build/obj/SpykeeShell.o
 .debug_line    0x000064b2      0x34c build/obj/CircularBuffer.o
 .debug_line    0x000067fe      0x301 build/obj/chsprintf.o

.debug_str      0x00000000     0x2d5c
 .debug_str     0x00000000      0x1a9 build/obj/crt0.o
                                0x1e8 (size before relaxing)
 .debug_str     0x000001a9      0x14b build/obj/vectors.o
                                0x204 (size before relaxing)
 .debug_str     0x000002f4      0x296 build/obj/chcore_v7m.o
                                0x35e (size before relaxing)
 .debug_str     0x0000058a       0xd0 build/obj/nvic.o
                                0x1ce (size before relaxing)
 .debug_str     0x0000065a      0x1d8 build/obj/chsys.o
                                0x420 (size before relaxing)
 .debug_str     0x00000832       0x6a build/obj/chvt.o
                                0x17b (size before relaxing)
 .debug_str     0x0000089c       0xdd build/obj/chschd.o
                                0x35f (size before relaxing)
 .debug_str     0x00000979      0x101 build/obj/chthreads.o
                                0x3ae (size before relaxing)
 .debug_str     0x00000a7a      0x101 build/obj/chdynamic.o
                                0x33f (size before relaxing)
 .debug_str     0x00000b7b       0x57 build/obj/chregistry.o
                                0x396 (size before relaxing)
 .debug_str     0x00000bd2       0x9f build/obj/chmtx.o
                                0x302 (size before relaxing)
 .debug_str     0x00000c71      0x18e build/obj/chevents.o
                                0x3d8 (size before relaxing)
 .debug_str     0x00000dff      0x134 build/obj/chqueues.o
                                0x398 (size before relaxing)
 .debug_str     0x00000f33       0x90 build/obj/chmemcore.o
                                0x142 (size before relaxing)
 .debug_str     0x00000fc3       0x7f build/obj/chheap.o
                                0x2ee (size before relaxing)
 .debug_str     0x00001042      0x14f build/obj/hal.o
                                0x202 (size before relaxing)
 .debug_str     0x00001191      0x2bd build/obj/adc.o
                                0x544 (size before relaxing)
 .debug_str     0x0000144e      0x1e8 build/obj/icu.o
                                0x2b6 (size before relaxing)
 .debug_str     0x00001636      0x1f5 build/obj/serial.o
                                0x4e2 (size before relaxing)
 .debug_str     0x0000182b      0x213 build/obj/spi.o
                                0x538 (size before relaxing)
 .debug_str     0x00001a3e      0x742 build/obj/stm32_dma.o
                                0x8c5 (size before relaxing)
 .debug_str     0x00002180       0xd9 build/obj/hal_lld.o
                                0x2d5 (size before relaxing)
 .debug_str     0x00002259      0x13c build/obj/adc_lld.o
                                0xb96 (size before relaxing)
 .debug_str     0x00002395       0xf9 build/obj/icu_lld.o
                                0x945 (size before relaxing)
 .debug_str     0x0000248e       0xb9 build/obj/serial_lld.o
                                0xa95 (size before relaxing)
 .debug_str     0x00002547      0x13e build/obj/spi_lld.o
                                0x621 (size before relaxing)
 .debug_str     0x00002685       0x8d build/obj/pal_lld.o
                                0x336 (size before relaxing)
 .debug_str     0x00002712       0x4f build/obj/board.o
                                0x1a3 (size before relaxing)
 .debug_str     0x00002761       0xb3 build/obj/chprintf.o
                                0x1fe (size before relaxing)
 .debug_str     0x00002814      0x119 build/obj/shell.o
                                0x447 (size before relaxing)
 .debug_str     0x0000292d       0x73 build/obj/main.o
                                0x4cf (size before relaxing)
 .debug_str     0x000029a0       0x60 build/obj/ir.o
                                0x516 (size before relaxing)
 .debug_str     0x00002a00       0xc2 build/obj/Led.o
                                0x380 (size before relaxing)
 .debug_str     0x00002ac2       0x59 build/obj/Rfid.o
                                0x4ea (size before relaxing)
 .debug_str     0x00002b1b       0xb1 build/obj/TowersAndFactories.o
                                0x38d (size before relaxing)
 .debug_str     0x00002bcc       0x87 build/obj/Sonar.o
                                0x4e0 (size before relaxing)
 .debug_str     0x00002c53       0x5f build/obj/SpykeeShell.o
                                0x555 (size before relaxing)
 .debug_str     0x00002cb2       0x8e build/obj/CircularBuffer.o
                                0x4e7 (size before relaxing)
 .debug_str     0x00002d40       0x1c build/obj/chsprintf.o
                                0x17e (size before relaxing)

.comment        0x00000000       0x30
 .comment       0x00000000       0x30 build/obj/crt0.o
                                 0x31 (size before relaxing)
 .comment       0x00000000       0x31 build/obj/vectors.o
 .comment       0x00000000       0x31 build/obj/chcore_v7m.o
 .comment       0x00000000       0x31 build/obj/nvic.o
 .comment       0x00000000       0x31 build/obj/chsys.o
 .comment       0x00000000       0x31 build/obj/chvt.o
 .comment       0x00000000       0x31 build/obj/chschd.o
 .comment       0x00000000       0x31 build/obj/chthreads.o
 .comment       0x00000000       0x31 build/obj/chdynamic.o
 .comment       0x00000000       0x31 build/obj/chregistry.o
 .comment       0x00000000       0x31 build/obj/chmtx.o
 .comment       0x00000000       0x31 build/obj/chevents.o
 .comment       0x00000000       0x31 build/obj/chqueues.o
 .comment       0x00000000       0x31 build/obj/chmemcore.o
 .comment       0x00000000       0x31 build/obj/chheap.o
 .comment       0x00000000       0x31 build/obj/hal.o
 .comment       0x00000000       0x31 build/obj/adc.o
 .comment       0x00000000       0x31 build/obj/icu.o
 .comment       0x00000000       0x31 build/obj/serial.o
 .comment       0x00000000       0x31 build/obj/spi.o
 .comment       0x00000000       0x31 build/obj/stm32_dma.o
 .comment       0x00000000       0x31 build/obj/hal_lld.o
 .comment       0x00000000       0x31 build/obj/adc_lld.o
 .comment       0x00000000       0x31 build/obj/icu_lld.o
 .comment       0x00000000       0x31 build/obj/serial_lld.o
 .comment       0x00000000       0x31 build/obj/spi_lld.o
 .comment       0x00000000       0x31 build/obj/pal_lld.o
 .comment       0x00000000       0x31 build/obj/board.o
 .comment       0x00000000       0x31 build/obj/chprintf.o
 .comment       0x00000000       0x31 build/obj/shell.o
 .comment       0x00000000       0x31 build/obj/main.o
 .comment       0x00000000       0x31 build/obj/ir.o
 .comment       0x00000000       0x31 build/obj/Led.o
 .comment       0x00000000       0x31 build/obj/Rfid.o
 .comment       0x00000000       0x31 build/obj/TowersAndFactories.o
 .comment       0x00000000       0x31 build/obj/Sonar.o
 .comment       0x00000000       0x31 build/obj/SpykeeShell.o
 .comment       0x00000000       0x31 build/obj/CircularBuffer.o
 .comment       0x00000000       0x31 build/obj/chsprintf.o

.ARM.attributes
                0x00000000       0x3b
 .ARM.attributes
                0x00000000       0x3b build/obj/crt0.o
 .ARM.attributes
                0x0000003b       0x3b build/obj/vectors.o
 .ARM.attributes
                0x00000076       0x3b build/obj/chcore_v7m.o
 .ARM.attributes
                0x000000b1       0x3b build/obj/nvic.o
 .ARM.attributes
                0x000000ec       0x3b build/obj/chsys.o
 .ARM.attributes
                0x00000127       0x3b build/obj/chvt.o
 .ARM.attributes
                0x00000162       0x3b build/obj/chschd.o
 .ARM.attributes
                0x0000019d       0x3b build/obj/chthreads.o
 .ARM.attributes
                0x000001d8       0x3b build/obj/chdynamic.o
 .ARM.attributes
                0x00000213       0x3b build/obj/chregistry.o
 .ARM.attributes
                0x0000024e       0x3b build/obj/chmtx.o
 .ARM.attributes
                0x00000289       0x3b build/obj/chevents.o
 .ARM.attributes
                0x000002c4       0x3b build/obj/chqueues.o
 .ARM.attributes
                0x000002ff       0x3b build/obj/chmemcore.o
 .ARM.attributes
                0x0000033a       0x3b build/obj/chheap.o
 .ARM.attributes
                0x00000375       0x3b build/obj/hal.o
 .ARM.attributes
                0x000003b0       0x3b build/obj/adc.o
 .ARM.attributes
                0x000003eb       0x3b build/obj/icu.o
 .ARM.attributes
                0x00000426       0x3b build/obj/serial.o
 .ARM.attributes
                0x00000461       0x3b build/obj/spi.o
 .ARM.attributes
                0x0000049c       0x3b build/obj/stm32_dma.o
 .ARM.attributes
                0x000004d7       0x3b build/obj/hal_lld.o
 .ARM.attributes
                0x00000512       0x3b build/obj/adc_lld.o
 .ARM.attributes
                0x0000054d       0x3b build/obj/icu_lld.o
 .ARM.attributes
                0x00000588       0x3b build/obj/serial_lld.o
 .ARM.attributes
                0x000005c3       0x3b build/obj/spi_lld.o
 .ARM.attributes
                0x000005fe       0x3b build/obj/pal_lld.o
 .ARM.attributes
                0x00000639       0x3b build/obj/board.o
 .ARM.attributes
                0x00000674       0x3b build/obj/chprintf.o
 .ARM.attributes
                0x000006af       0x3b build/obj/shell.o
 .ARM.attributes
                0x000006ea       0x3b build/obj/main.o
 .ARM.attributes
                0x00000725       0x3b build/obj/ir.o
 .ARM.attributes
                0x00000760       0x3b build/obj/Led.o
 .ARM.attributes
                0x0000079b       0x3b build/obj/Rfid.o
 .ARM.attributes
                0x000007d6       0x3b build/obj/TowersAndFactories.o
 .ARM.attributes
                0x00000811       0x3b build/obj/Sonar.o
 .ARM.attributes
                0x0000084c       0x3b build/obj/SpykeeShell.o
 .ARM.attributes
                0x00000887       0x3b build/obj/CircularBuffer.o
 .ARM.attributes
                0x000008c2       0x3b build/obj/chsprintf.o
 .ARM.attributes
                0x000008fd       0x2b /opt/arm/bin/../lib/gcc/arm-none-eabi/4.6.3/../../../../arm-none-eabi/lib/thumb2/libc.a(lib_a-strcasecmp.o)
 .ARM.attributes
                0x00000928       0x2b /opt/arm/bin/../lib/gcc/arm-none-eabi/4.6.3/../../../../arm-none-eabi/lib/thumb2/libc.a(lib_a-strchr.o)
 .ARM.attributes
                0x00000953       0x2b /opt/arm/bin/../lib/gcc/arm-none-eabi/4.6.3/../../../../arm-none-eabi/lib/thumb2/libc.a(lib_a-strspn.o)
 .ARM.attributes
                0x0000097e       0x2b /opt/arm/bin/../lib/gcc/arm-none-eabi/4.6.3/../../../../arm-none-eabi/lib/thumb2/libc.a(lib_a-ctype_.o)

.debug_frame    0x00000000     0x1bf4
 .debug_frame   0x00000000       0x50 build/obj/crt0.o
 .debug_frame   0x00000050       0x20 build/obj/vectors.o
 .debug_frame   0x00000070       0x98 build/obj/chcore_v7m.o
 .debug_frame   0x00000108       0x64 build/obj/nvic.o
 .debug_frame   0x0000016c       0x60 build/obj/chsys.o
 .debug_frame   0x000001cc       0x5c build/obj/chvt.o
 .debug_frame   0x00000228       0xc4 build/obj/chschd.o
 .debug_frame   0x000002ec      0x160 build/obj/chthreads.o
 .debug_frame   0x0000044c       0x7c build/obj/chdynamic.o
 .debug_frame   0x000004c8       0x3c build/obj/chregistry.o
 .debug_frame   0x00000504       0xec build/obj/chmtx.o
 .debug_frame   0x000005f0      0x1c0 build/obj/chevents.o
 .debug_frame   0x000007b0      0x170 build/obj/chqueues.o
 .debug_frame   0x00000920       0x50 build/obj/chmemcore.o
 .debug_frame   0x00000970       0x98 build/obj/chheap.o
 .debug_frame   0x00000a08       0x54 build/obj/hal.o
 .debug_frame   0x00000a5c      0x118 build/obj/adc.o
 .debug_frame   0x00000b74       0xa0 build/obj/icu.o
 .debug_frame   0x00000c14      0x148 build/obj/serial.o
 .debug_frame   0x00000d5c      0x1a8 build/obj/spi.o
 .debug_frame   0x00000f04      0x244 build/obj/stm32_dma.o
 .debug_frame   0x00001148       0x3c build/obj/hal_lld.o
 .debug_frame   0x00001184      0x120 build/obj/adc_lld.o
 .debug_frame   0x000012a4      0x150 build/obj/icu_lld.o
 .debug_frame   0x000013f4      0x10c build/obj/serial_lld.o
 .debug_frame   0x00001500      0x144 build/obj/spi_lld.o
 .debug_frame   0x00001644       0x4c build/obj/pal_lld.o
 .debug_frame   0x00001690       0x30 build/obj/board.o
 .debug_frame   0x000016c0       0x50 build/obj/chprintf.o
 .debug_frame   0x00001710       0xe4 build/obj/shell.o
 .debug_frame   0x000017f4       0x2c build/obj/main.o
 .debug_frame   0x00001820       0x4c build/obj/ir.o
 .debug_frame   0x0000186c       0xa0 build/obj/Led.o
 .debug_frame   0x0000190c       0x58 build/obj/Rfid.o
 .debug_frame   0x00001964       0x70 build/obj/TowersAndFactories.o
 .debug_frame   0x000019d4       0x5c build/obj/Sonar.o
 .debug_frame   0x00001a30       0x6c build/obj/SpykeeShell.o
 .debug_frame   0x00001a9c       0x88 build/obj/CircularBuffer.o
 .debug_frame   0x00001b24       0x4c build/obj/chsprintf.o
 .debug_frame   0x00001b70       0x2c /opt/arm/bin/../lib/gcc/arm-none-eabi/4.6.3/../../../../arm-none-eabi/lib/thumb2/libc.a(lib_a-strcasecmp.o)
 .debug_frame   0x00001b9c       0x2c /opt/arm/bin/../lib/gcc/arm-none-eabi/4.6.3/../../../../arm-none-eabi/lib/thumb2/libc.a(lib_a-strchr.o)
 .debug_frame   0x00001bc8       0x2c /opt/arm/bin/../lib/gcc/arm-none-eabi/4.6.3/../../../../arm-none-eabi/lib/thumb2/libc.a(lib_a-strspn.o)

Cross Reference Table

Symbol                                            File
ADCD1                                             build/obj/adc_lld.o
                                                  build/obj/ir.o
BusFaultVector                                    build/obj/vectors.o
DebugMonitorVector                                build/obj/vectors.o
HardFaultVector                                   build/obj/vectors.o
ICUD1                                             build/obj/icu_lld.o
                                                  build/obj/Sonar.o
ICUD3                                             build/obj/icu_lld.o
                                                  build/obj/Sonar.o
ICUD5                                             build/obj/icu_lld.o
                                                  build/obj/Sonar.o
ICUD8                                             build/obj/icu_lld.o
                                                  build/obj/Sonar.o
MemManageVector                                   build/obj/vectors.o
NMIVector                                         build/obj/vectors.o
PendSVVector                                      build/obj/vectors.o
ResetHandler                                      build/obj/crt0.o
                                                  build/obj/vectors.o
SD1                                               build/obj/serial_lld.o
SD2                                               build/obj/serial_lld.o
                                                  build/obj/CircularBuffer.o
                                                  build/obj/SpykeeShell.o
                                                  build/obj/main.o
SD3                                               build/obj/serial_lld.o
                                                  build/obj/Rfid.o
SPID1                                             build/obj/spi_lld.o
SPID2                                             build/obj/spi_lld.o
SVCallVector                                      build/obj/chcore_v7m.o
                                                  build/obj/vectors.o
SysTickVector                                     build/obj/chcore_v7m.o
                                                  build/obj/vectors.o
TestThread                                        build/obj/test.o
UsageFaultVector                                  build/obj/vectors.o
Vector100                                         build/obj/vectors.o
Vector104                                         build/obj/vectors.o
Vector108                                         build/obj/icu_lld.o
                                                  build/obj/vectors.o
Vector10C                                         build/obj/vectors.o
Vector110                                         build/obj/vectors.o
Vector114                                         build/obj/vectors.o
Vector118                                         build/obj/vectors.o
Vector11C                                         build/obj/vectors.o
Vector120                                         build/obj/stm32_dma.o
                                                  build/obj/vectors.o
Vector124                                         build/obj/stm32_dma.o
                                                  build/obj/vectors.o
Vector128                                         build/obj/stm32_dma.o
                                                  build/obj/vectors.o
Vector12C                                         build/obj/stm32_dma.o
                                                  build/obj/vectors.o
Vector130                                         build/obj/stm32_dma.o
                                                  build/obj/vectors.o
Vector134                                         build/obj/vectors.o
Vector138                                         build/obj/vectors.o
Vector13C                                         build/obj/vectors.o
Vector140                                         build/obj/vectors.o
Vector144                                         build/obj/vectors.o
Vector148                                         build/obj/vectors.o
Vector14C                                         build/obj/vectors.o
Vector150                                         build/obj/stm32_dma.o
                                                  build/obj/vectors.o
Vector154                                         build/obj/stm32_dma.o
                                                  build/obj/vectors.o
Vector158                                         build/obj/stm32_dma.o
                                                  build/obj/vectors.o
Vector15C                                         build/obj/vectors.o
Vector160                                         build/obj/vectors.o
Vector164                                         build/obj/vectors.o
Vector168                                         build/obj/vectors.o
Vector16C                                         build/obj/vectors.o
Vector170                                         build/obj/vectors.o
Vector174                                         build/obj/vectors.o
Vector178                                         build/obj/vectors.o
Vector17C                                         build/obj/vectors.o
Vector180                                         build/obj/vectors.o
Vector184                                         build/obj/vectors.o
Vector1C                                          build/obj/vectors.o
Vector20                                          build/obj/vectors.o
Vector24                                          build/obj/vectors.o
Vector28                                          build/obj/vectors.o
Vector34                                          build/obj/vectors.o
Vector40                                          build/obj/vectors.o
Vector44                                          build/obj/vectors.o
Vector48                                          build/obj/vectors.o
Vector4C                                          build/obj/vectors.o
Vector50                                          build/obj/vectors.o
Vector54                                          build/obj/vectors.o
Vector58                                          build/obj/vectors.o
Vector5C                                          build/obj/vectors.o
Vector60                                          build/obj/vectors.o
Vector64                                          build/obj/vectors.o
Vector68                                          build/obj/vectors.o
Vector6C                                          build/obj/stm32_dma.o
                                                  build/obj/vectors.o
Vector70                                          build/obj/stm32_dma.o
                                                  build/obj/vectors.o
Vector74                                          build/obj/stm32_dma.o
                                                  build/obj/vectors.o
Vector78                                          build/obj/stm32_dma.o
                                                  build/obj/vectors.o
Vector7C                                          build/obj/stm32_dma.o
                                                  build/obj/vectors.o
Vector80                                          build/obj/stm32_dma.o
                                                  build/obj/vectors.o
Vector84                                          build/obj/stm32_dma.o
                                                  build/obj/vectors.o
Vector88                                          build/obj/adc_lld.o
                                                  build/obj/vectors.o
Vector8C                                          build/obj/vectors.o
Vector90                                          build/obj/vectors.o
Vector94                                          build/obj/vectors.o
Vector98                                          build/obj/vectors.o
Vector9C                                          build/obj/vectors.o
VectorA0                                          build/obj/vectors.o
VectorA4                                          build/obj/icu_lld.o
                                                  build/obj/vectors.o
VectorA8                                          build/obj/vectors.o
VectorAC                                          build/obj/icu_lld.o
                                                  build/obj/vectors.o
VectorB0                                          build/obj/vectors.o
VectorB4                                          build/obj/icu_lld.o
                                                  build/obj/vectors.o
VectorB8                                          build/obj/vectors.o
VectorBC                                          build/obj/vectors.o
VectorC0                                          build/obj/vectors.o
VectorC4                                          build/obj/vectors.o
VectorC8                                          build/obj/vectors.o
VectorCC                                          build/obj/vectors.o
VectorD0                                          build/obj/vectors.o
VectorD4                                          build/obj/serial_lld.o
                                                  build/obj/vectors.o
VectorD8                                          build/obj/serial_lld.o
                                                  build/obj/vectors.o
VectorDC                                          build/obj/serial_lld.o
                                                  build/obj/vectors.o
VectorE0                                          build/obj/vectors.o
VectorE4                                          build/obj/vectors.o
VectorE8                                          build/obj/vectors.o
VectorEC                                          build/obj/vectors.o
VectorF0                                          build/obj/icu_lld.o
                                                  build/obj/vectors.o
VectorF4                                          build/obj/vectors.o
VectorF8                                          build/obj/icu_lld.o
                                                  build/obj/vectors.o
VectorFC                                          build/obj/stm32_dma.o
                                                  build/obj/vectors.o
__ctype_ptr__                                     /opt/arm/bin/../lib/gcc/arm-none-eabi/4.6.3/../../../../arm-none-eabi/lib/thumb2/libc.a(lib_a-ctype_.o)
                                                  /opt/arm/bin/../lib/gcc/arm-none-eabi/4.6.3/../../../../arm-none-eabi/lib/thumb2/libc.a(lib_a-strcasecmp.o)
__early_init                                      build/obj/board.o
                                                  build/obj/crt0.o
__fini_array_end                                  build/obj/crt0.o
__fini_array_start                                build/obj/crt0.o
__heap_base__                                     build/obj/chmemcore.o
__heap_end__                                      build/obj/chmemcore.o
__init_array_end                                  build/obj/crt0.o
__init_array_start                                build/obj/crt0.o
__late_init                                       build/obj/crt0.o
__main_stack_base__                               build/obj/crt0.o
__main_stack_end__                                build/obj/vectors.o
                                                  build/obj/crt0.o
__process_stack_base__                            build/obj/crt0.o
__process_stack_end__                             build/obj/crt0.o
_bss_end                                          build/obj/crt0.o
_bss_start                                        build/obj/crt0.o
_core_init                                        build/obj/chmemcore.o
                                                  build/obj/chsys.o
_ctype_                                           /opt/arm/bin/../lib/gcc/arm-none-eabi/4.6.3/../../../../arm-none-eabi/lib/thumb2/libc.a(lib_a-ctype_.o)
_data                                             build/obj/crt0.o
_default_exit                                     build/obj/crt0.o
_edata                                            build/obj/crt0.o
_heap_init                                        build/obj/chheap.o
                                                  build/obj/chsys.o
_idle_thread                                      build/obj/chsys.o
_idle_thread_wa                                   build/obj/chsys.o
_pal_lld_init                                     build/obj/pal_lld.o
                                                  build/obj/hal.o
_pal_lld_setgroupmode                             build/obj/pal_lld.o
                                                  build/obj/pal.o
_port_init                                        build/obj/chcore_v7m.o
                                                  build/obj/chsys.o
_port_irq_epilogue                                build/obj/chcore_v7m.o
                                                  build/obj/serial_lld.o
                                                  build/obj/icu_lld.o
                                                  build/obj/adc_lld.o
                                                  build/obj/stm32_dma.o
_port_switch                                      build/obj/chcore_v7m.o
                                                  build/obj/chschd.o
_port_switch_from_isr                             build/obj/chcore_v7m.o
_port_thread_start                                build/obj/chcore_v7m.o
                                                  build/obj/chthreads.o
_scheduler_init                                   build/obj/chschd.o
                                                  build/obj/chsys.o
_stm32_dma_streams                                build/obj/stm32_dma.o
                                                  build/obj/spi_lld.o
                                                  build/obj/adc_lld.o
_test_assert                                      build/obj/test.o
                                                  build/obj/testqueues.o
                                                  build/obj/testdyn.o
                                                  build/obj/testpools.o
                                                  build/obj/testheap.o
                                                  build/obj/testevt.o
                                                  build/obj/testmbox.o
                                                  build/obj/testmtx.o
                                                  build/obj/testsem.o
                                                  build/obj/testthd.o
_test_assert_sequence                             build/obj/test.o
                                                  build/obj/testqueues.o
                                                  build/obj/testdyn.o
                                                  build/obj/testevt.o
                                                  build/obj/testmbox.o
                                                  build/obj/testmsg.o
                                                  build/obj/testmtx.o
                                                  build/obj/testsem.o
                                                  build/obj/testthd.o
_test_assert_time_window                          build/obj/test.o
                                                  build/obj/testevt.o
                                                  build/obj/testmtx.o
                                                  build/obj/testsem.o
                                                  build/obj/testthd.o
_test_fail                                        build/obj/test.o
_textdata                                         build/obj/crt0.o
_thread_init                                      build/obj/chthreads.o
                                                  build/obj/chsys.o
_unhandled_exception                              build/obj/vectors.o
_vectors                                          build/obj/vectors.o
_vt_init                                          build/obj/chvt.o
                                                  build/obj/chsys.o
adcAcquireBus                                     build/obj/adc.o
adcConvert                                        build/obj/adc.o
adcInit                                           build/obj/adc.o
                                                  build/obj/hal.o
adcObjectInit                                     build/obj/adc.o
                                                  build/obj/adc_lld.o
adcReleaseBus                                     build/obj/adc.o
adcSTM32DisableTSVREFE                            build/obj/adc_lld.o
adcSTM32DisableVBATE                              build/obj/adc_lld.o
adcSTM32EnableTSVREFE                             build/obj/adc_lld.o
adcSTM32EnableVBATE                               build/obj/adc_lld.o
adcStart                                          build/obj/adc.o
                                                  build/obj/ir.o
adcStartConversion                                build/obj/adc.o
                                                  build/obj/ir.o
adcStartConversionI                               build/obj/adc.o
adcStop                                           build/obj/adc.o
adcStopConversion                                 build/obj/adc.o
adcStopConversionI                                build/obj/adc.o
adc_lld_init                                      build/obj/adc_lld.o
                                                  build/obj/adc.o
adc_lld_start                                     build/obj/adc_lld.o
                                                  build/obj/adc.o
adc_lld_start_conversion                          build/obj/adc_lld.o
                                                  build/obj/adc.o
adc_lld_stop                                      build/obj/adc_lld.o
                                                  build/obj/adc.o
adc_lld_stop_conversion                           build/obj/adc_lld.o
                                                  build/obj/adc.o
blinking                                          build/obj/Led.o
                                                  build/obj/SpykeeShell.o
boardInit                                         build/obj/board.o
                                                  build/obj/hal.o
bufferInit                                        build/obj/CircularBuffer.o
                                                  build/obj/main.o
bufferPutString                                   build/obj/CircularBuffer.o
                                                  build/obj/Sonar.o
                                                  build/obj/TowersAndFactories.o
                                                  build/obj/Rfid.o
                                                  build/obj/ir.o
chCondBroadcast                                   build/obj/chcond.o
                                                  build/obj/testmtx.o
chCondBroadcastI                                  build/obj/chcond.o
chCondInit                                        build/obj/chcond.o
                                                  build/obj/testmtx.o
chCondSignal                                      build/obj/chcond.o
                                                  build/obj/testmtx.o
chCondSignalI                                     build/obj/chcond.o
                                                  build/obj/testmtx.o
chCondWait                                        build/obj/chcond.o
                                                  build/obj/testmtx.o
chCondWaitS                                       build/obj/chcond.o
chCondWaitTimeout                                 build/obj/chcond.o
                                                  build/obj/testmtx.o
chCondWaitTimeoutS                                build/obj/chcond.o
chCoreAlloc                                       build/obj/chmemcore.o
                                                  build/obj/chheap.o
chCoreAllocI                                      build/obj/chmemcore.o
chCoreStatus                                      build/obj/chmemcore.o
                                                  build/obj/testheap.o
chEvtAddFlags                                     build/obj/chevents.o
                                                  build/obj/testevt.o
chEvtBroadcastFlags                               build/obj/chevents.o
                                                  build/obj/testevt.o
chEvtBroadcastFlagsI                              build/obj/chevents.o
                                                  build/obj/shell.o
                                                  build/obj/serial_lld.o
                                                  build/obj/serial.o
chEvtClearFlags                                   build/obj/chevents.o
                                                  build/obj/testevt.o
chEvtDispatch                                     build/obj/chevents.o
                                                  build/obj/testevt.o
chEvtRegisterMask                                 build/obj/chevents.o
                                                  build/obj/testevt.o
chEvtSignalFlags                                  build/obj/chevents.o
                                                  build/obj/testevt.o
chEvtSignalFlagsI                                 build/obj/chevents.o
chEvtUnregister                                   build/obj/chevents.o
                                                  build/obj/testevt.o
chEvtWaitAll                                      build/obj/chevents.o
                                                  build/obj/testevt.o
chEvtWaitAllTimeout                               build/obj/chevents.o
                                                  build/obj/testevt.o
chEvtWaitAny                                      build/obj/chevents.o
                                                  build/obj/testevt.o
chEvtWaitAnyTimeout                               build/obj/chevents.o
                                                  build/obj/testevt.o
chEvtWaitOne                                      build/obj/chevents.o
                                                  build/obj/testevt.o
chEvtWaitOneTimeout                               build/obj/chevents.o
                                                  build/obj/testevt.o
chHeapAlloc                                       build/obj/chheap.o
                                                  build/obj/testdyn.o
                                                  build/obj/testheap.o
                                                  build/obj/chdynamic.o
chHeapFree                                        build/obj/chheap.o
                                                  build/obj/testdyn.o
                                                  build/obj/testheap.o
                                                  build/obj/chdynamic.o
chHeapInit                                        build/obj/chheap.o
                                                  build/obj/testdyn.o
                                                  build/obj/testheap.o
chHeapStatus                                      build/obj/chheap.o
                                                  build/obj/testdyn.o
                                                  build/obj/testheap.o
chIQGetTimeout                                    build/obj/chqueues.o
                                                  build/obj/serial.o
                                                  build/obj/testbmk.o
                                                  build/obj/testqueues.o
chIQInit                                          build/obj/chqueues.o
                                                  build/obj/serial.o
                                                  build/obj/testbmk.o
                                                  build/obj/testqueues.o
chIQPutI                                          build/obj/chqueues.o
                                                  build/obj/serial.o
                                                  build/obj/testbmk.o
                                                  build/obj/testqueues.o
chIQReadTimeout                                   build/obj/chqueues.o
                                                  build/obj/Rfid.o
                                                  build/obj/serial.o
                                                  build/obj/testqueues.o
chIQResetI                                        build/obj/chqueues.o
                                                  build/obj/serial.o
                                                  build/obj/testqueues.o
chMBFetch                                         build/obj/chmboxes.o
                                                  build/obj/testmbox.o
chMBFetchI                                        build/obj/chmboxes.o
                                                  build/obj/testmbox.o
chMBFetchS                                        build/obj/chmboxes.o
chMBInit                                          build/obj/chmboxes.o
                                                  build/obj/testmbox.o
chMBPost                                          build/obj/chmboxes.o
                                                  build/obj/testmbox.o
chMBPostAhead                                     build/obj/chmboxes.o
                                                  build/obj/testmbox.o
chMBPostAheadI                                    build/obj/chmboxes.o
                                                  build/obj/testmbox.o
chMBPostAheadS                                    build/obj/chmboxes.o
chMBPostI                                         build/obj/chmboxes.o
                                                  build/obj/testmbox.o
chMBPostS                                         build/obj/chmboxes.o
chMBReset                                         build/obj/chmboxes.o
                                                  build/obj/testmbox.o
chMsgRelease                                      build/obj/chmsg.o
                                                  build/obj/testbmk.o
                                                  build/obj/testmsg.o
chMsgSend                                         build/obj/chmsg.o
                                                  build/obj/testbmk.o
                                                  build/obj/testmsg.o
chMsgWait                                         build/obj/chmsg.o
                                                  build/obj/testbmk.o
                                                  build/obj/testmsg.o
chMtxInit                                         build/obj/chmtx.o
                                                  build/obj/CircularBuffer.o
                                                  build/obj/main.o
                                                  build/obj/spi.o
                                                  build/obj/adc.o
                                                  build/obj/testbmk.o
                                                  build/obj/testmtx.o
                                                  build/obj/chheap.o
chMtxLock                                         build/obj/chmtx.o
                                                  build/obj/CircularBuffer.o
                                                  build/obj/SpykeeShell.o
                                                  build/obj/Led.o
                                                  build/obj/spi.o
                                                  build/obj/adc.o
                                                  build/obj/testbmk.o
                                                  build/obj/testmtx.o
                                                  build/obj/chheap.o
chMtxLockS                                        build/obj/chmtx.o
                                                  build/obj/chcond.o
chMtxTryLock                                      build/obj/chmtx.o
                                                  build/obj/testmtx.o
chMtxTryLockS                                     build/obj/chmtx.o
chMtxUnlock                                       build/obj/chmtx.o
                                                  build/obj/CircularBuffer.o
                                                  build/obj/SpykeeShell.o
                                                  build/obj/Led.o
                                                  build/obj/spi.o
                                                  build/obj/adc.o
                                                  build/obj/testbmk.o
                                                  build/obj/testmtx.o
                                                  build/obj/chheap.o
chMtxUnlockAll                                    build/obj/chmtx.o
                                                  build/obj/testmtx.o
chMtxUnlockS                                      build/obj/chmtx.o
                                                  build/obj/testmtx.o
                                                  build/obj/chcond.o
chOQGetI                                          build/obj/chqueues.o
                                                  build/obj/serial_lld.o
                                                  build/obj/serial.o
                                                  build/obj/testqueues.o
chOQInit                                          build/obj/chqueues.o
                                                  build/obj/serial.o
                                                  build/obj/testqueues.o
chOQPutTimeout                                    build/obj/chqueues.o
                                                  build/obj/serial.o
                                                  build/obj/testqueues.o
chOQResetI                                        build/obj/chqueues.o
                                                  build/obj/serial.o
                                                  build/obj/testqueues.o
chOQWriteTimeout                                  build/obj/chqueues.o
                                                  build/obj/serial.o
                                                  build/obj/testqueues.o
chPoolAlloc                                       build/obj/chmempools.o